// Jest Snapshot v1, https://goo.gl/fbAQLP

exports[`<Card /> should render with props 1`] = `
<ThemeProvider
  theme={
    Object {
      "button": Object {
        "background": "#FFFFFF",
        "backgroundActived": "#80a1c1",
        "backgroundHover": "#7593b0",
        "borderColor": "#80a1c1",
        "color": "#414141",
      },
      "card": Object {
        "titleColor": "#808080",
      },
      "colors": Object {
        "gray": "#414141",
        "grayDark": "#808080",
        "grayLight": "#E0E0E0",
        "primary": "#80a1c1",
        "primaryHover": "#7593b0",
        "white": "#FFFFFF",
      },
      "navbar": Object {
        "background": "#80a1c1",
        "titleColor": "#FFFFFF",
      },
    }
  }
>
  <Card
    image="https://raw.githubusercontent.com/PokeAPI/sprites/master/sprites/pokemon/1.png"
    title="My card"
  />
</ThemeProvider>
`;
